Godot Engine v4.7.1.stable.official.a13da4feb - https://godotengine.org

EMBER_FOUNDRY_TESTS_PASSED
WARNING: Missing Slasher enemy visual tuning for 'ember_crow'; using presentation defaults.
   at: push_warning (core/variant/variant_utility.cpp:1033)
   GDScript backtrace (most recent call first):
       [0] get_slasher_enemy_visual_tuning (res://scripts/game/game_balance.gd:205)
       [1] configure (res://scripts/slasher/slasher_enemy.gd:62)
       [2] _spawn_enemy (res://scripts/slasher/slasher_forest.gd:305)
       [3] _spawn_enemies (res://scripts/slasher/slasher_mine.gd:36)
       [4] _build_floor (res://scripts/slasher/slasher_forest.gd:125)
       [5] _ready (res://scripts/slasher/slasher_forest.gd:93)
       [6] _run (res://tests/ember_foundry_test.gd:8)
WARNING: Missing Slasher enemy visual tuning for 'blighted_farmhand'; using presentation defaults.
   at: push_warning (core/variant/variant_utility.cpp:1033)
   GDScript backtrace (most recent call first):
       [0] get_slasher_enemy_visual_tuning (res://scripts/game/game_balance.gd:205)
       [1] configure (res://scripts/slasher/slasher_enemy.gd:62)
       [2] _spawn_enemy (res://scripts/slasher/slasher_forest.gd:305)
       [3] _spawn_enemies (res://scripts/slasher/slasher_mine.gd:36)
       [4] _build_floor (res://scripts/slasher/slasher_forest.gd:125)
       [5] _ready (res://scripts/slasher/slasher_forest.gd:93)
       [6] _run (res://tests/ember_foundry_test.gd:8)
WARNING: Missing Slasher enemy visual tuning for 'ember_crow'; using presentation defaults.
   at: push_warning (core/variant/variant_utility.cpp:1033)
   GDScript backtrace (most recent call first):
       [0] get_slasher_enemy_visual_tuning (res://scripts/game/game_balance.gd:205)
       [1] configure (res://scripts/slasher/slasher_enemy.gd:62)
       [2] _spawn_enemy (res://scripts/slasher/slasher_forest.gd:305)
       [3] _spawn_enemies (res://scripts/slasher/slasher_mine.gd:36)
       [4] _build_floor (res://scripts/slasher/slasher_forest.gd:125)
       [5] _ready (res://scripts/slasher/slasher_forest.gd:93)
       [6] _run (res://tests/ember_foundry_test.gd:8)
WARNING: Missing Slasher enemy visual tuning for 'blighted_farmhand'; using presentation defaults.
   at: push_warning (core/variant/variant_utility.cpp:1033)
   GDScript backtrace (most recent call first):
       [0] get_slasher_enemy_visual_tuning (res://scripts/game/game_balance.gd:205)
       [1] configure (res://scripts/slasher/slasher_enemy.gd:62)
       [2] _spawn_enemy (res://scripts/slasher/slasher_forest.gd:305)
       [3] _spawn_enemies (res://scripts/slasher/slasher_mine.gd:36)
       [4] _build_floor (res://scripts/slasher/slasher_forest.gd:125)
       [5] _ready (res://scripts/slasher/slasher_forest.gd:93)
       [6] _run (res://tests/ember_foundry_test.gd:8)
